app/buy/page.tsx(24,7): error TS2769: No overload matches this call.
  Overload 1 of 2, '(input: string | Request | URL, init?: RequestInit | undefined): Promise<Response>', gave the following error.
    Type '{ apikey: string; Authorization: string; 'Content-Type': string; } | { apikey?: undefined; Authorization?: undefined; 'Content-Type'?: undefined; }' is not assignable to type 'HeadersInit | undefined'.
      Type '{ apikey?: undefined; Authorization?: undefined; 'Content-Type'?: undefined; }' is not assignable to type 'HeadersInit | undefined'.
        Type '{ apikey?: undefined; Authorization?: undefined; 'Content-Type'?: undefined; }' is not assignable to type 'Record<string, string>'.
          Property 'apikey' is incompatible with index signature.
            Type 'undefined' is not assignable to type 'string'.
  Overload 2 of 2, '(input: URL | RequestInfo, init?: RequestInit | undefined): Promise<Response>', gave the following error.
    Type '{ apikey: string; Authorization: string; 'Content-Type': string; } | { apikey?: undefined; Authorization?: undefined; 'Content-Type'?: undefined; }' is not assignable to type 'HeadersInit | undefined'.
      Type '{ apikey?: undefined; Authorization?: undefined; 'Content-Type'?: undefined; }' is not assignable to type 'HeadersInit | undefined'.
        Type '{ apikey?: undefined; Authorization?: undefined; 'Content-Type'?: undefined; }' is not assignable to type 'Record<string, string>'.
          Property 'apikey' is incompatible with index signature.
            Type 'undefined' is not assignable to type 'string'.
app/buy/page.tsx(54,34): error TS2769: No overload matches this call.
  Overload 1 of 2, '(input: string | Request | URL, init?: RequestInit | undefined): Promise<Response>', gave the following error.
    Type '{ apikey: string; Authorization: string; 'Content-Type': string; } | { apikey?: undefined; Authorization?: undefined; 'Content-Type'?: undefined; }' is not assignable to type 'HeadersInit | undefined'.
      Type '{ apikey?: undefined; Authorization?: undefined; 'Content-Type'?: undefined; }' is not assignable to type 'HeadersInit | undefined'.
        Type '{ apikey?: undefined; Authorization?: undefined; 'Content-Type'?: undefined; }' is not assignable to type 'Record<string, string>'.
          Property 'apikey' is incompatible with index signature.
            Type 'undefined' is not assignable to type 'string'.
  Overload 2 of 2, '(input: URL | RequestInfo, init?: RequestInit | undefined): Promise<Response>', gave the following error.
    Type '{ apikey: string; Authorization: string; 'Content-Type': string; } | { apikey?: undefined; Authorization?: undefined; 'Content-Type'?: undefined; }' is not assignable to type 'HeadersInit | undefined'.
      Type '{ apikey?: undefined; Authorization?: undefined; 'Content-Type'?: undefined; }' is not assignable to type 'HeadersInit | undefined'.
        Type '{ apikey?: undefined; Authorization?: undefined; 'Content-Type'?: undefined; }' is not assignable to type 'Record<string, string>'.
          Property 'apikey' is incompatible with index signature.
            Type 'undefined' is not assignable to type 'string'.
app/listings/[id]/page.tsx(20,7): error TS2769: No overload matches this call.
  Overload 1 of 2, '(input: string | Request | URL, init?: RequestInit | undefined): Promise<Response>', gave the following error.
    Type '{ apikey: string; Authorization: string; 'Content-Type': string; } | { apikey?: undefined; Authorization?: undefined; 'Content-Type'?: undefined; }' is not assignable to type 'HeadersInit | undefined'.
      Type '{ apikey?: undefined; Authorization?: undefined; 'Content-Type'?: undefined; }' is not assignable to type 'HeadersInit | undefined'.
        Type '{ apikey?: undefined; Authorization?: undefined; 'Content-Type'?: undefined; }' is not assignable to type 'Record<string, string>'.
          Property 'apikey' is incompatible with index signature.
            Type 'undefined' is not assignable to type 'string'.
  Overload 2 of 2, '(input: URL | RequestInfo, init?: RequestInit | undefined): Promise<Response>', gave the following error.
    Type '{ apikey: string; Authorization: string; 'Content-Type': string; } | { apikey?: undefined; Authorization?: undefined; 'Content-Type'?: undefined; }' is not assignable to type 'HeadersInit | undefined'.
      Type '{ apikey?: undefined; Authorization?: undefined; 'Content-Type'?: undefined; }' is not assignable to type 'HeadersInit | undefined'.
        Type '{ apikey?: undefined; Authorization?: undefined; 'Content-Type'?: undefined; }' is not assignable to type 'Record<string, string>'.
          Property 'apikey' is incompatible with index signature.
            Type 'undefined' is not assignable to type 'string'.
app/projects/[slug]/page.tsx(20,7): error TS2769: No overload matches this call.
  Overload 1 of 2, '(input: string | Request | URL, init?: RequestInit | undefined): Promise<Response>', gave the following error.
    Type '{ apikey: string; Authorization: string; 'Content-Type': string; } | { apikey?: undefined; Authorization?: undefined; 'Content-Type'?: undefined; }' is not assignable to type 'HeadersInit | undefined'.
      Type '{ apikey?: undefined; Authorization?: undefined; 'Content-Type'?: undefined; }' is not assignable to type 'HeadersInit | undefined'.
        Type '{ apikey?: undefined; Authorization?: undefined; 'Content-Type'?: undefined; }' is not assignable to type 'Record<string, string>'.
          Property 'apikey' is incompatible with index signature.
            Type 'undefined' is not assignable to type 'string'.
  Overload 2 of 2, '(input: URL | RequestInfo, init?: RequestInit | undefined): Promise<Response>', gave the following error.
    Type '{ apikey: string; Authorization: string; 'Content-Type': string; } | { apikey?: undefined; Authorization?: undefined; 'Content-Type'?: undefined; }' is not assignable to type 'HeadersInit | undefined'.
      Type '{ apikey?: undefined; Authorization?: undefined; 'Content-Type'?: undefined; }' is not assignable to type 'HeadersInit | undefined'.
        Type '{ apikey?: undefined; Authorization?: undefined; 'Content-Type'?: undefined; }' is not assignable to type 'Record<string, string>'.
          Property 'apikey' is incompatible with index signature.
            Type 'undefined' is not assignable to type 'string'.
app/projects/[slug]/page.tsx(32,7): error TS2769: No overload matches this call.
  Overload 1 of 2, '(input: string | Request | URL, init?: RequestInit | undefined): Promise<Response>', gave the following error.
    Type '{ apikey: string; Authorization: string; 'Content-Type': string; } | { apikey?: undefined; Authorization?: undefined; 'Content-Type'?: undefined; }' is not assignable to type 'HeadersInit | undefined'.
      Type '{ apikey?: undefined; Authorization?: undefined; 'Content-Type'?: undefined; }' is not assignable to type 'HeadersInit | undefined'.
        Type '{ apikey?: undefined; Authorization?: undefined; 'Content-Type'?: undefined; }' is not assignable to type 'Record<string, string>'.
          Property 'apikey' is incompatible with index signature.
            Type 'undefined' is not assignable to type 'string'.
  Overload 2 of 2, '(input: URL | RequestInfo, init?: RequestInit | undefined): Promise<Response>', gave the following error.
    Type '{ apikey: string; Authorization: string; 'Content-Type': string; } | { apikey?: undefined; Authorization?: undefined; 'Content-Type'?: undefined; }' is not assignable to type 'HeadersInit | undefined'.
      Type '{ apikey?: undefined; Authorization?: undefined; 'Content-Type'?: undefined; }' is not assignable to type 'HeadersInit | undefined'.
        Type '{ apikey?: undefined; Authorization?: undefined; 'Content-Type'?: undefined; }' is not assignable to type 'Record<string, string>'.
          Property 'apikey' is incompatible with index signature.
            Type 'undefined' is not assignable to type 'string'.
app/projects/[slug]/page.tsx(43,7): error TS2769: No overload matches this call.
  Overload 1 of 2, '(input: string | Request | URL, init?: RequestInit | undefined): Promise<Response>', gave the following error.
    Type '{ apikey: string; Authorization: string; 'Content-Type': string; } | { apikey?: undefined; Authorization?: undefined; 'Content-Type'?: undefined; }' is not assignable to type 'HeadersInit | undefined'.
      Type '{ apikey?: undefined; Authorization?: undefined; 'Content-Type'?: undefined; }' is not assignable to type 'HeadersInit | undefined'.
        Type '{ apikey?: undefined; Authorization?: undefined; 'Content-Type'?: undefined; }' is not assignable to type 'Record<string, string>'.
          Property 'apikey' is incompatible with index signature.
            Type 'undefined' is not assignable to type 'string'.
  Overload 2 of 2, '(input: URL | RequestInfo, init?: RequestInit | undefined): Promise<Response>', gave the following error.
    Type '{ apikey: string; Authorization: string; 'Content-Type': string; } | { apikey?: undefined; Authorization?: undefined; 'Content-Type'?: undefined; }' is not assignable to type 'HeadersInit | undefined'.
      Type '{ apikey?: undefined; Authorization?: undefined; 'Content-Type'?: undefined; }' is not assignable to type 'HeadersInit | undefined'.
        Type '{ apikey?: undefined; Authorization?: undefined; 'Content-Type'?: undefined; }' is not assignable to type 'Record<string, string>'.
          Property 'apikey' is incompatible with index signature.
            Type 'undefined' is not assignable to type 'string'.
app/projects/page.tsx(20,7): error TS2769: No overload matches this call.
  Overload 1 of 2, '(input: string | Request | URL, init?: RequestInit | undefined): Promise<Response>', gave the following error.
    Type '{ apikey: string; Authorization: string; 'Content-Type': string; } | { apikey?: undefined; Authorization?: undefined; 'Content-Type'?: undefined; }' is not assignable to type 'HeadersInit | undefined'.
      Type '{ apikey?: undefined; Authorization?: undefined; 'Content-Type'?: undefined; }' is not assignable to type 'HeadersInit | undefined'.
        Type '{ apikey?: undefined; Authorization?: undefined; 'Content-Type'?: undefined; }' is not assignable to type 'Record<string, string>'.
          Property 'apikey' is incompatible with index signature.
            Type 'undefined' is not assignable to type 'string'.
  Overload 2 of 2, '(input: URL | RequestInfo, init?: RequestInit | undefined): Promise<Response>', gave the following error.
    Type '{ apikey: string; Authorization: string; 'Content-Type': string; } | { apikey?: undefined; Authorization?: undefined; 'Content-Type'?: undefined; }' is not assignable to type 'HeadersInit | undefined'.
      Type '{ apikey?: undefined; Authorization?: undefined; 'Content-Type'?: undefined; }' is not assignable to type 'HeadersInit | undefined'.
        Type '{ apikey?: undefined; Authorization?: undefined; 'Content-Type'?: undefined; }' is not assignable to type 'Record<string, string>'.
          Property 'apikey' is incompatible with index signature.
            Type 'undefined' is not assignable to type 'string'.
app/rent/page.tsx(24,7): error TS2769: No overload matches this call.
  Overload 1 of 2, '(input: string | Request | URL, init?: RequestInit | undefined): Promise<Response>', gave the following error.
    Type '{ apikey: string; Authorization: string; 'Content-Type': string; } | { apikey?: undefined; Authorization?: undefined; 'Content-Type'?: undefined; }' is not assignable to type 'HeadersInit | undefined'.
      Type '{ apikey?: undefined; Authorization?: undefined; 'Content-Type'?: undefined; }' is not assignable to type 'HeadersInit | undefined'.
        Type '{ apikey?: undefined; Authorization?: undefined; 'Content-Type'?: undefined; }' is not assignable to type 'Record<string, string>'.
          Property 'apikey' is incompatible with index signature.
            Type 'undefined' is not assignable to type 'string'.
  Overload 2 of 2, '(input: URL | RequestInfo, init?: RequestInit | undefined): Promise<Response>', gave the following error.
    Type '{ apikey: string; Authorization: string; 'Content-Type': string; } | { apikey?: undefined; Authorization?: undefined; 'Content-Type'?: undefined; }' is not assignable to type 'HeadersInit | undefined'.
      Type '{ apikey?: undefined; Authorization?: undefined; 'Content-Type'?: undefined; }' is not assignable to type 'HeadersInit | undefined'.
        Type '{ apikey?: undefined; Authorization?: undefined; 'Content-Type'?: undefined; }' is not assignable to type 'Record<string, string>'.
          Property 'apikey' is incompatible with index signature.
            Type 'undefined' is not assignable to type 'string'.
app/rent/page.tsx(54,34): error TS2769: No overload matches this call.
  Overload 1 of 2, '(input: string | Request | URL, init?: RequestInit | undefined): Promise<Response>', gave the following error.
    Type '{ apikey: string; Authorization: string; 'Content-Type': string; } | { apikey?: undefined; Authorization?: undefined; 'Content-Type'?: undefined; }' is not assignable to type 'HeadersInit | undefined'.
      Type '{ apikey?: undefined; Authorization?: undefined; 'Content-Type'?: undefined; }' is not assignable to type 'HeadersInit | undefined'.
        Type '{ apikey?: undefined; Authorization?: undefined; 'Content-Type'?: undefined; }' is not assignable to type 'Record<string, string>'.
          Property 'apikey' is incompatible with index signature.
            Type 'undefined' is not assignable to type 'string'.
  Overload 2 of 2, '(input: URL | RequestInfo, init?: RequestInit | undefined): Promise<Response>', gave the following error.
    Type '{ apikey: string; Authorization: string; 'Content-Type': string; } | { apikey?: undefined; Authorization?: undefined; 'Content-Type'?: undefined; }' is not assignable to type 'HeadersInit | undefined'.
      Type '{ apikey?: undefined; Authorization?: undefined; 'Content-Type'?: undefined; }' is not assignable to type 'HeadersInit | undefined'.
        Type '{ apikey?: undefined; Authorization?: undefined; 'Content-Type'?: undefined; }' is not assignable to type 'Record<string, string>'.
          Property 'apikey' is incompatible with index signature.
            Type 'undefined' is not assignable to type 'string'.
components/listings/listing-analytics-panel.tsx(21,110): error TS2322: Type 'ListingAnalyticsPoint[]' is not assignable to type 'ChartData[]'.
  Type 'ListingAnalyticsPoint' is not assignable to type 'ChartData'.
    Index signature for type 'string' is missing in type 'ListingAnalyticsPoint'.
components/listings/listing-analytics-panel.tsx(22,113): error TS2322: Type 'ListingAnalyticsPoint[]' is not assignable to type 'ChartData[]'.
  Type 'ListingAnalyticsPoint' is not assignable to type 'ChartData'.
    Index signature for type 'string' is missing in type 'ListingAnalyticsPoint'.
lib/developers-admin.ts(161,30): error TS2739: Type 'PostgrestFilterBuilder<any, any, any, { id: any; user_profile_id: any; developer_name: any; industry: any; website_url: any; description: any; logo_url: any; is_active: any; created_at: any; updated_at: any; }[], "developers_profiles", unknown, "GET">' is missing the following properties from type 'Promise<{ data: DeveloperProfileRecord[] | null; error: { message?: string | undefined; } | null; }>': catch, finally, [Symbol.toStringTag]
lib/developers-admin.ts(165,33): error TS2739: Type 'PostgrestFilterBuilder<any, any, any, { id: any; user_profile_id: any; developer_name: any; industry: any; website_url: any; description: any; logo_url: any; created_at: any; updated_at: any; }[], "developers_profiles", unknown, "GET">' is missing the following properties from type 'Promise<{ data: DeveloperProfileRecord[] | null; error: { message?: string | undefined; } | null; }>': catch, finally, [Symbol.toStringTag]
lib/developers-admin.ts(188,28): error TS7006: Parameter 'developer' implicitly has an 'any' type.
lib/developers-admin.ts(200,28): error TS2739: Type 'PostgrestBuilder<any, { id: any; user_profile_id: any; developer_name: any; industry: any; website_url: any; description: any; logo_url: any; is_active: any; created_at: any; updated_at: any; } | null, false>' is missing the following properties from type 'Promise<{ data: DeveloperProfileRecord | null; error: { message?: string | undefined; } | null; }>': catch, finally, [Symbol.toStringTag]
lib/developers-admin.ts(205,31): error TS2739: Type 'PostgrestBuilder<any, { id: any; user_profile_id: any; developer_name: any; industry: any; website_url: any; description: any; logo_url: any; created_at: any; updated_at: any; } | null, false>' is missing the following properties from type 'Promise<{ data: DeveloperProfileRecord | null; error: { message?: string | undefined; } | null; }>': catch, finally, [Symbol.toStringTag]
